{"synthetic": false,
 "schemaVersion": "2025-09-10",
 "outputs":
 {"o": ["3d70ba739267857a.olean"],
  "m": false,
  "i": "957d61ff5952b8af.ilean",
  "c": "fede9e6f0197c9d4.c"},
 "log":
 [{"message":
   ".> LEAN_PATH=/Users/user/Projects/moko/loam/.lake/build/lib/lean /Users/user/.elan/toolchains/leanprover--lean4---v4.33.1/bin/lean /Users/user/Projects/moko/loam/Loam/Core/Effect.lean -o /Users/user/Projects/moko/loam/.lake/build/lib/lean/Loam/Core/Effect.olean -i /Users/user/Projects/moko/loam/.lake/build/lib/lean/Loam/Core/Effect.ilean -c /Users/user/Projects/moko/loam/.lake/build/ir/Loam/Core/Effect.c --setup /Users/user/Projects/moko/loam/.lake/build/ir/Loam/Core/Effect.setup.json --json",
   "level": "trace"}],
 "inputs":
 [["deps",
   [["loam/Loam:extraDep", [["@loam:extraDep", "00000000000006bb"]]],
    ["imports",
     [["Loam.Core.Measure transitive imports (legacy)", "66e737af5552c230"],
      ["Loam.Core.Measure:importAllArts", "740af8c37db22c41"]]]]],
  ["libs",
   [["import dynlibs", "00000000000006bb"],
    ["package external libraries", "00000000000006bb"],
    ["module dynlibs", "00000000000006bb"],
    ["module plugins", "00000000000006bb"]]],
  ["Lean 4.33.1, commit 819816b2e0a3bf405af45ae5c7af2491d8f5bee6",
   "0051240b7c23c453"],
  ["/Users/user/Projects/moko/loam/Loam/Core/Effect.lean", "f36eb3ebe915ffff"],
  ["options", "00000000000006bb"],
  ["isModule: false", "feefd2a0d3a1847e"],
  ["Module.name: Loam.Core.Effect", "fbf61882378b36a6"],
  ["Package.id?: (some loam)", "32a684e9a3991c12"],
  ["Module.leanArgs: #[]", "00000000000006bb"]],
 "depHash": "e7568cab8ab0e749"}