{"synthetic": false,
 "schemaVersion": "2025-09-10",
 "outputs":
 {"o": ["0adc02d6c4fccb95.olean"],
  "m": false,
  "i": "67f00183eaf47ac2.ilean",
  "c": "00617515c46350db.c"},
 "log":
 [{"message":
   ".> LEAN_PATH=/Users/user/Projects/moko/loam/.lake/build/lib/lean /Users/user/.elan/toolchains/leanprover--lean4---v4.33.1/bin/lean /Users/user/Projects/moko/loam/Loam/Core/EventMemory.lean -o /Users/user/Projects/moko/loam/.lake/build/lib/lean/Loam/Core/EventMemory.olean -i /Users/user/Projects/moko/loam/.lake/build/lib/lean/Loam/Core/EventMemory.ilean -c /Users/user/Projects/moko/loam/.lake/build/ir/Loam/Core/EventMemory.c --setup /Users/user/Projects/moko/loam/.lake/build/ir/Loam/Core/EventMemory.setup.json --json",
   "level": "trace"}],
 "inputs":
 [["deps",
   [["loam/Loam:extraDep", [["@loam:extraDep", "00000000000006bb"]]],
    ["imports",
     [["Loam.Core.Event transitive imports (legacy)", "b747a0d50dc1ec9a"],
      ["Loam.Core.Event:importAllArts", "e1e162f3a5f2f0ab"]]]]],
  ["libs",
   [["import dynlibs", "00000000000006bb"],
    ["package external libraries", "00000000000006bb"],
    ["module dynlibs", "00000000000006bb"],
    ["module plugins", "00000000000006bb"]]],
  ["Lean 4.33.1, commit 819816b2e0a3bf405af45ae5c7af2491d8f5bee6",
   "0051240b7c23c453"],
  ["/Users/user/Projects/moko/loam/Loam/Core/EventMemory.lean",
   "8bdc28f3c25ad9ba"],
  ["options", "00000000000006bb"],
  ["isModule: false", "feefd2a0d3a1847e"],
  ["Module.name: Loam.Core.EventMemory", "05397a7c8d983505"],
  ["Package.id?: (some loam)", "32a684e9a3991c12"],
  ["Module.leanArgs: #[]", "00000000000006bb"]],
 "depHash": "e956a78c4778a3ca"}