{"synthetic": false,
 "schemaVersion": "2025-09-10",
 "outputs":
 {"o": ["539f7fb91744796f.olean"],
  "m": false,
  "i": "c4bc9886e69694ad.ilean",
  "c": "b550877b91614294.c"},
 "log":
 [{"message":
   ".> LEAN_PATH=/Users/user/Projects/moko/loam/.lake/build/lib/lean /Users/user/.elan/toolchains/leanprover--lean4---v4.33.1/bin/lean /Users/user/Projects/moko/loam/Loam/Core/EventCorrectionMemory.lean -o /Users/user/Projects/moko/loam/.lake/build/lib/lean/Loam/Core/EventCorrectionMemory.olean -i /Users/user/Projects/moko/loam/.lake/build/lib/lean/Loam/Core/EventCorrectionMemory.ilean -c /Users/user/Projects/moko/loam/.lake/build/ir/Loam/Core/EventCorrectionMemory.c --setup /Users/user/Projects/moko/loam/.lake/build/ir/Loam/Core/EventCorrectionMemory.setup.json --json",
   "level": "trace"}],
 "inputs":
 [["deps",
   [["loam/Loam:extraDep", [["@loam:extraDep", "00000000000006bb"]]],
    ["imports",
     [["Loam.Core.EventCorrection transitive imports (legacy)",
       "3446c93194577073"],
      ["Loam.Core.EventCorrection:importAllArts", "08f45a91e2dee6d4"]]]]],
  ["libs",
   [["import dynlibs", "00000000000006bb"],
    ["package external libraries", "00000000000006bb"],
    ["module dynlibs", "00000000000006bb"],
    ["module plugins", "00000000000006bb"]]],
  ["Lean 4.33.1, commit 819816b2e0a3bf405af45ae5c7af2491d8f5bee6",
   "0051240b7c23c453"],
  ["/Users/user/Projects/moko/loam/Loam/Core/EventCorrectionMemory.lean",
   "9c6fa4d4adbad8cd"],
  ["options", "00000000000006bb"],
  ["isModule: false", "feefd2a0d3a1847e"],
  ["Module.name: Loam.Core.EventCorrectionMemory", "5f177e9307ca92e1"],
  ["Package.id?: (some loam)", "32a684e9a3991c12"],
  ["Module.leanArgs: #[]", "00000000000006bb"]],
 "depHash": "c97119165bf7e341"}