{"synthetic": false,
 "schemaVersion": "2025-09-10",
 "outputs":
 {"o": ["ca80014c0c0d8665.olean"],
  "m": false,
  "i": "57983ecbb17fc6a5.ilean",
  "c": "cc5cc11165816bd8.c"},
 "log":
 [{"message":
   ".> LEAN_PATH=/Users/user/Projects/moko/loam/.lake/build/lib/lean /Users/user/.elan/toolchains/leanprover--lean4---v4.33.1/bin/lean /Users/user/Projects/moko/loam/Loam/Core/EventCorrection.lean -o /Users/user/Projects/moko/loam/.lake/build/lib/lean/Loam/Core/EventCorrection.olean -i /Users/user/Projects/moko/loam/.lake/build/lib/lean/Loam/Core/EventCorrection.ilean -c /Users/user/Projects/moko/loam/.lake/build/ir/Loam/Core/EventCorrection.c --setup /Users/user/Projects/moko/loam/.lake/build/ir/Loam/Core/EventCorrection.setup.json --json",
   "level": "trace"}],
 "inputs":
 [["deps",
   [["loam/Loam:extraDep", [["@loam:extraDep", "00000000000006bb"]]],
    ["imports",
     [["Loam.Core.EventMemory transitive imports (legacy)", "2b5ca6d18dd2804d"],
      ["Loam.Core.EventMemory:importAllArts", "01081d32d89deb6a"]]]]],
  ["libs",
   [["import dynlibs", "00000000000006bb"],
    ["package external libraries", "00000000000006bb"],
    ["module dynlibs", "00000000000006bb"],
    ["module plugins", "00000000000006bb"]]],
  ["Lean 4.33.1, commit 819816b2e0a3bf405af45ae5c7af2491d8f5bee6",
   "0051240b7c23c453"],
  ["/Users/user/Projects/moko/loam/Loam/Core/EventCorrection.lean",
   "e75ea3206620e963"],
  ["options", "00000000000006bb"],
  ["isModule: false", "feefd2a0d3a1847e"],
  ["Module.name: Loam.Core.EventCorrection", "1dd3441a8d589953"],
  ["Package.id?: (some loam)", "32a684e9a3991c12"],
  ["Module.leanArgs: #[]", "00000000000006bb"]],
 "depHash": "42f005efe01f9072"}