{"synthetic": false,
 "schemaVersion": "2025-09-10",
 "outputs":
 {"o": ["0e2a2cf4c57c5a1f.olean"],
  "m": false,
  "i": "c9389e2c51038265.ilean",
  "c": "ca5c5abbe18368d3.c"},
 "log":
 [{"message":
   ".> LEAN_PATH=/Users/user/Projects/moko/loam/.lake/build/lib/lean /Users/user/.elan/toolchains/leanprover--lean4---v4.33.1/bin/lean /Users/user/Projects/moko/loam/Loam/Core/Event.lean -o /Users/user/Projects/moko/loam/.lake/build/lib/lean/Loam/Core/Event.olean -i /Users/user/Projects/moko/loam/.lake/build/lib/lean/Loam/Core/Event.ilean -c /Users/user/Projects/moko/loam/.lake/build/ir/Loam/Core/Event.c --setup /Users/user/Projects/moko/loam/.lake/build/ir/Loam/Core/Event.setup.json --json",
   "level": "trace"}],
 "inputs":
 [["deps",
   [["loam/Loam:extraDep", [["@loam:extraDep", "00000000000006bb"]]],
    ["imports",
     [["Loam.Core.Effect transitive imports (legacy)", "73535559480ad149"],
      ["Loam.Core.Effect:importAllArts", "9f5858d25cb68b86"]]]]],
  ["libs",
   [["import dynlibs", "00000000000006bb"],
    ["package external libraries", "00000000000006bb"],
    ["module dynlibs", "00000000000006bb"],
    ["module plugins", "00000000000006bb"]]],
  ["Lean 4.33.1, commit 819816b2e0a3bf405af45ae5c7af2491d8f5bee6",
   "0051240b7c23c453"],
  ["/Users/user/Projects/moko/loam/Loam/Core/Event.lean", "44cb4fdca9d5d891"],
  ["options", "00000000000006bb"],
  ["isModule: false", "feefd2a0d3a1847e"],
  ["Module.name: Loam.Core.Event", "af28ac7641425ed7"],
  ["Package.id?: (some loam)", "32a684e9a3991c12"],
  ["Module.leanArgs: #[]", "00000000000006bb"]],
 "depHash": "ffa5fe0b575d6634"}