{"synthetic": false,
 "schemaVersion": "2025-09-10",
 "outputs":
 {"o": ["6616798ff52e6a83.olean"],
  "m": false,
  "i": "b07e8dd66fa45e74.ilean",
  "c": "75381d9d71a6fee1.c"},
 "log":
 [{"message":
   ".> LEAN_PATH=/Users/user/Projects/moko/loam/.lake/build/lib/lean /Users/user/.elan/toolchains/leanprover--lean4---v4.33.1/bin/lean /Users/user/Projects/moko/loam/Loam/Core/Measure.lean -o /Users/user/Projects/moko/loam/.lake/build/lib/lean/Loam/Core/Measure.olean -i /Users/user/Projects/moko/loam/.lake/build/lib/lean/Loam/Core/Measure.ilean -c /Users/user/Projects/moko/loam/.lake/build/ir/Loam/Core/Measure.c --setup /Users/user/Projects/moko/loam/.lake/build/ir/Loam/Core/Measure.setup.json --json",
   "level": "trace"}],
 "inputs":
 [["deps",
   [["loam/Loam:extraDep", [["@loam:extraDep", "00000000000006bb"]]],
    ["imports",
     [["Loam.Core.Quantity transitive imports (legacy)", "00000000000006bb"],
      ["Loam.Core.Quantity:importAllArts", "65c47906befa7581"]]]]],
  ["libs",
   [["import dynlibs", "00000000000006bb"],
    ["package external libraries", "00000000000006bb"],
    ["module dynlibs", "00000000000006bb"],
    ["module plugins", "00000000000006bb"]]],
  ["Lean 4.33.1, commit 819816b2e0a3bf405af45ae5c7af2491d8f5bee6",
   "0051240b7c23c453"],
  ["/Users/user/Projects/moko/loam/Loam/Core/Measure.lean", "b8194ee49d0069b4"],
  ["options", "00000000000006bb"],
  ["isModule: false", "feefd2a0d3a1847e"],
  ["Module.name: Loam.Core.Measure", "630834b3effe1c68"],
  ["Package.id?: (some loam)", "32a684e9a3991c12"],
  ["Module.leanArgs: #[]", "00000000000006bb"]],
 "depHash": "1a9d9f50a2beb4bb"}