{"synthetic": false,
 "schemaVersion": "2025-09-10",
 "outputs":
 {"o": ["9a3b7d20f53eb52a.olean"],
  "m": false,
  "i": "05c6b79d9a810d9f.ilean",
  "c": "476f9a2e3291e578.c"},
 "log":
 [{"message":
   ".> LEAN_PATH=/Users/user/Projects/moko/loam/.lake/build/lib/lean /Users/user/.elan/toolchains/leanprover--lean4---v4.33.1/bin/lean /Users/user/Projects/moko/loam/Loam/Core/Quantity.lean -o /Users/user/Projects/moko/loam/.lake/build/lib/lean/Loam/Core/Quantity.olean -i /Users/user/Projects/moko/loam/.lake/build/lib/lean/Loam/Core/Quantity.ilean -c /Users/user/Projects/moko/loam/.lake/build/ir/Loam/Core/Quantity.c --setup /Users/user/Projects/moko/loam/.lake/build/ir/Loam/Core/Quantity.setup.json --json",
   "level": "trace"}],
 "inputs":
 [["deps",
   [["loam/Loam:extraDep", [["@loam:extraDep", "00000000000006bb"]]],
    ["imports", "00000000000006bb"]]],
  ["libs",
   [["import dynlibs", "00000000000006bb"],
    ["package external libraries", "00000000000006bb"],
    ["module dynlibs", "00000000000006bb"],
    ["module plugins", "00000000000006bb"]]],
  ["Lean 4.33.1, commit 819816b2e0a3bf405af45ae5c7af2491d8f5bee6",
   "0051240b7c23c453"],
  ["/Users/user/Projects/moko/loam/Loam/Core/Quantity.lean",
   "97408ddd965bd24f"],
  ["options", "00000000000006bb"],
  ["isModule: false", "feefd2a0d3a1847e"],
  ["Module.name: Loam.Core.Quantity", "1b0316f195819078"],
  ["Package.id?: (some loam)", "32a684e9a3991c12"],
  ["Module.leanArgs: #[]", "00000000000006bb"]],
 "depHash": "cda9f809c0ccfecb"}