{"synthetic": false,
 "schemaVersion": "2025-09-10",
 "outputs": "b0ac5954734dd405",
 "log":
 [{"message":
   ".> MACOSX_DEPLOYMENT_TARGET=99.0 /Users/user/.elan/toolchains/leanprover--lean4---v4.33.1/bin/clang -o /Users/user/Projects/moko/loam/.lake/build/bin/loam @/Users/user/Projects/moko/loam/.lake/build/bin/loam.rsp",
   "level": "trace"}],
 "inputs":
 [["Loam.Cli:linkInfo",
   [["Module.moreLinkObjs",
     [["/Users/user/Projects/moko/loam/.lake/build/ir/Loam/Cli.c.o.export",
       "e084eb53bd1879c1"],
      ["/Users/user/Projects/moko/loam/.lake/build/ir/Loam/Core/Quantity.c.o.export",
       "92db985aa83872f4"],
      ["/Users/user/Projects/moko/loam/.lake/build/ir/Loam/Core/Measure.c.o.export",
       "b4e90add3f57c152"],
      ["/Users/user/Projects/moko/loam/.lake/build/ir/Loam/Core/Effect.c.o.export",
       "271069aa07c7d0e6"],
      ["/Users/user/Projects/moko/loam/.lake/build/ir/Loam/Core/Event.c.o.export",
       "8fc76b6cf4eae813"],
      ["/Users/user/Projects/moko/loam/.lake/build/ir/Loam/Core/EventMemory.c.o.export",
       "5d4913246b945696"],
      ["/Users/user/Projects/moko/loam/.lake/build/ir/Loam/Core/EventCorrection.c.o.export",
       "e03240fa3f0a3852"],
      ["/Users/user/Projects/moko/loam/.lake/build/ir/Loam/Core/EventCorrectionMemory.c.o.export",
       "55b46f6d8bfe1723"],
      ["/Users/user/Projects/moko/loam/.lake/build/ir/Loam/Persistence.c.o.export",
       "50aef2172cc6fa28"]]],
    ["Module.moreLinkLibs", "00000000000006bb"],
    ["Module.moreLinkArgs: #[]", "00000000000006bb"]]],
  ["LeanExe.exeOnlyLinkArgs: #[]", "00000000000006bb"],
  ["Lean 4.33.1, commit 819816b2e0a3bf405af45ae5c7af2491d8f5bee6",
   "0051240b7c23c453"],
  ["x86_64-apple-darwin24.6.0", "93b804d20b5a74e9"]],
 "depHash": "b7c411e0e61235c5"}