{"synthetic": false,
 "schemaVersion": "2025-09-10",
 "outputs":
 {"o": ["3009a633ec409a79.olean"],
  "m": false,
  "i": "8749e33e22bccea4.ilean",
  "c": "8885597794553f05.c"},
 "log":
 [{"message":
   ".> LEAN_PATH=/Users/user/Projects/moko/loam/.lake/build/lib/lean /Users/user/.elan/toolchains/leanprover--lean4---v4.33.1/bin/lean /Users/user/Projects/moko/loam/Loam/Cli.lean -o /Users/user/Projects/moko/loam/.lake/build/lib/lean/Loam/Cli.olean -i /Users/user/Projects/moko/loam/.lake/build/lib/lean/Loam/Cli.ilean -c /Users/user/Projects/moko/loam/.lake/build/ir/Loam/Cli.c --setup /Users/user/Projects/moko/loam/.lake/build/ir/Loam/Cli.setup.json --json",
   "level": "trace"}],
 "inputs":
 [["deps",
   [["loam/loam:extraDep", [["@loam:extraDep", "00000000000006bb"]]],
    ["imports",
     [["Loam.Persistence transitive imports (legacy)", "aa4cb9f11281e33d"],
      ["Loam.Persistence:importAllArts", "f12f330aab214f2d"]]]]],
  ["libs",
   [["import dynlibs", "00000000000006bb"],
    ["package external libraries", "00000000000006bb"],
    ["module dynlibs", "00000000000006bb"],
    ["module plugins", "00000000000006bb"]]],
  ["Lean 4.33.1, commit 819816b2e0a3bf405af45ae5c7af2491d8f5bee6",
   "0051240b7c23c453"],
  ["/Users/user/Projects/moko/loam/Loam/Cli.lean", "67ea9f82af0915a0"],
  ["options", "00000000000006bb"],
  ["isModule: false", "feefd2a0d3a1847e"],
  ["Module.name: Loam.Cli", "8e8e6fe55dfef7e3"],
  ["Package.id?: (some loam)", "32a684e9a3991c12"],
  ["Module.leanArgs: #[]", "00000000000006bb"]],
 "depHash": "688d1a3e4feeef7c"}