{"synthetic": false,
 "schemaVersion": "2025-09-10",
 "outputs":
 {"o": ["cc27e6428336baa6.olean"],
  "m": false,
  "i": "b50c63dde8a346d7.ilean",
  "c": "1321211c75a4c470.c"},
 "log":
 [{"message":
   ".> LEAN_PATH=/Users/user/Projects/moko/loam/.lake/build/lib/lean /Users/user/.elan/toolchains/leanprover--lean4---v4.33.1/bin/lean /Users/user/Projects/moko/loam/Loam/Persistence.lean -o /Users/user/Projects/moko/loam/.lake/build/lib/lean/Loam/Persistence.olean -i /Users/user/Projects/moko/loam/.lake/build/lib/lean/Loam/Persistence.ilean -c /Users/user/Projects/moko/loam/.lake/build/ir/Loam/Persistence.c --setup /Users/user/Projects/moko/loam/.lake/build/ir/Loam/Persistence.setup.json --json",
   "level": "trace"}],
 "inputs":
 [["deps",
   [["loam/Loam:extraDep", [["@loam:extraDep", "00000000000006bb"]]],
    ["imports",
     [["Loam.Core.EventCorrectionMemory transitive imports (legacy)",
       "78717bcb32205f85"],
      ["Loam.Core.EventCorrectionMemory:importAllArts", "eb9516fb4ce04c3f"],
      ["Loam.Core.EventMemory transitive imports (legacy)", "2b5ca6d18dd2804d"],
      ["Loam.Core.EventMemory:importAllArts", "01081d32d89deb6a"]]]]],
  ["libs",
   [["import dynlibs", "00000000000006bb"],
    ["package external libraries", "00000000000006bb"],
    ["module dynlibs", "00000000000006bb"],
    ["module plugins", "00000000000006bb"]]],
  ["Lean 4.33.1, commit 819816b2e0a3bf405af45ae5c7af2491d8f5bee6",
   "0051240b7c23c453"],
  ["/Users/user/Projects/moko/loam/Loam/Persistence.lean", "f76e4079e8567a28"],
  ["options", "00000000000006bb"],
  ["isModule: false", "feefd2a0d3a1847e"],
  ["Module.name: Loam.Persistence", "27dec3ebf8709605"],
  ["Package.id?: (some loam)", "32a684e9a3991c12"],
  ["Module.leanArgs: #[]", "00000000000006bb"]],
 "depHash": "5b3852e24b33afb6"}